
> react-ai-chat@0.0.0 build
> vite build

[36mvite v5.4.14 [32mbuilding for production...[36m[39m
transforming...
[32m✓[39m 2451 modules transformed.
rendering chunks...
computing gzip size...
[2mdist/[22m[32mindex.html                                    [39m[1m[2m  1.92 kB[22m[1m[22m[2m │ gzip:   0.79 kB[22m
[2mdist/[22m[35massets/StructuredOutputRenderer-Cc7f0R9R.css  [39m[1m[2m 29.77 kB[22m[1m[22m[2m │ gzip:   4.79 kB[22m
[2mdist/[22m[35massets/index-CjGFMUt4.css                     [39m[1m[2m 49.64 kB[22m[1m[22m[2m │ gzip:   9.69 kB[22m
[2mdist/[22m[36massets/browser-mt1YbVya.js                    [39m[1m[2m  0.30 kB[22m[1m[22m[2m │ gzip:   0.25 kB[22m
[2mdist/[22m[36massets/message-square-CU5iNKm5.js             [39m[1m[2m  0.36 kB[22m[1m[22m[2m │ gzip:   0.27 kB[22m
[2mdist/[22m[36massets/user-bqB3wqau.js                       [39m[1m[2m  0.38 kB[22m[1m[22m[2m │ gzip:   0.29 kB[22m
[2mdist/[22m[36massets/download-BvAMk6Sc.js                   [39m[1m[2m  0.44 kB[22m[1m[22m[2m │ gzip:   0.33 kB[22m
[2mdist/[22m[36massets/save-BMAjm1As.js                       [39m[1m[2m  0.46 kB[22m[1m[22m[2m │ gzip:   0.32 kB[22m
[2mdist/[22m[36massets/trash-2-CxETa2LF.js                    [39m[1m[2m  0.54 kB[22m[1m[22m[2m │ gzip:   0.35 kB[22m
[2mdist/[22m[36massets/eye-m9ACUSwd.js                        [39m[1m[2m  0.90 kB[22m[1m[22m[2m │ gzip:   0.45 kB[22m
[2mdist/[22m[36massets/settings-BSai6X_7.js                   [39m[1m[2m  0.91 kB[22m[1m[22m[2m │ gzip:   0.45 kB[22m
[2mdist/[22m[36massets/createLucideIcon-ytzUCzi7.js           [39m[1m[2m  1.04 kB[22m[1m[22m[2m │ gzip:   0.57 kB[22m
[2mdist/[22m[36massets/useTranslation-DyW000AP.js             [39m[1m[2m  3.34 kB[22m[1m[22m[2m │ gzip:   1.61 kB[22m
[2mdist/[22m[36massets/UserProfile-DMu9RD8K.js                [39m[1m[2m  7.54 kB[22m[1m[22m[2m │ gzip:   1.75 kB[22m
[2mdist/[22m[36massets/ApiKeyManager-D_ujAnc6.js              [39m[1m[2m  9.01 kB[22m[1m[22m[2m │ gzip:   2.21 kB[22m
[2mdist/[22m[36massets/VideoChat-6iysKkRP.js                  [39m[1m[2m  9.22 kB[22m[1m[22m[2m │ gzip:   2.47 kB[22m
[2mdist/[22m[36massets/browser-ponyfill-BYMehMWM.js           [39m[1m[2m 10.26 kB[22m[1m[22m[2m │ gzip:   3.50 kB[22m
[2mdist/[22m[36massets/ChatSessionsList-DBKXYnKx.js           [39m[1m[2m 10.84 kB[22m[1m[22m[2m │ gzip:   2.21 kB[22m
[2mdist/[22m[36massets/Settings-DkqbEl-Q.js                   [39m[1m[2m 13.60 kB[22m[1m[22m[2m │ gzip:   2.50 kB[22m
[2mdist/[22m[36massets/UserPreferences-DxJwF8bp.js            [39m[1m[2m 15.08 kB[22m[1m[22m[2m │ gzip:   2.19 kB[22m
[2mdist/[22m[36massets/Settings-BjjwIjHw.js                   [39m[1m[2m 24.62 kB[22m[1m[22m[2m │ gzip:   3.33 kB[22m
[2mdist/[22m[36massets/Dashboard-DQhnUGwF.js                  [39m[1m[2m 28.62 kB[22m[1m[22m[2m │ gzip:   3.39 kB[22m
[2mdist/[22m[36massets/ChatService-C-Y1IJ_t.js                [39m[1m[2m 40.13 kB[22m[1m[22m[2m │ gzip:  11.60 kB[22m
[2mdist/[22m[36massets/Chat-C4tIyo_1.js                       [39m[1m[2m 44.31 kB[22m[1m[22m[2m │ gzip:   7.52 kB[22m
[2mdist/[22m[36massets/App-B4NADtbg.js                        [39m[1m[2m 48.67 kB[22m[1m[22m[2m │ gzip:   8.84 kB[22m
[2mdist/[22m[36massets/StructuredOutputRenderer-WBqflthr.js   [39m[1m[2m106.70 kB[22m[1m[22m[2m │ gzip:  13.36 kB[22m
[2mdist/[22m[36massets/AnalyticsDashboard-BKKhSrPR.js         [39m[1m[2m442.48 kB[22m[1m[22m[2m │ gzip: 116.77 kB[22m
[2mdist/[22m[36massets/index-CWu8IAhK.js                      [39m[1m[2m639.04 kB[22m[1m[22m[2m │ gzip: 194.89 kB[22m
[32m✓ built in 10.56s[39m
